Archive Project report for Lab1Demo
Sat Jun  3 18:59:19 2023
Quartus Prime Version 22.1std.1 Build 917 02/14/2023 SC Lite Edition


---------------------
; Table of Contents ;
---------------------
  1. Legal Notice
  2. Archive Project Summary
  3. Archive Project Messages
  4. Files Archived



----------------
; Legal Notice ;
----------------
Copyright (C) 2023  Intel Corporation. All rights reserved.
Your use of Intel Corporation's design tools, logic functions 
and other software and tools, and any partner logic 
functions, and any output files from any of the foregoing 
(including device programming or simulation files), and any 
associated documentation or information are expressly subject 
to the terms and conditions of the Intel Program License 
Subscription Agreement, the Intel Quartus Prime License Agreement,
the Intel FPGA IP License Agreement, or other applicable license
agreement, including, without limitation, that your use is for
the sole purpose of programming logic devices manufactured by
Intel and sold by Intel or its authorized distributors.  Please
refer to the applicable agreement for further details, at
https://fpgasoftware.intel.com/eula.



+----------------------------------------------------------------+
; Archive Project Summary                                        ;
+------------------------+---------------------------------------+
; Archive Project Status ; Successful - Sat Jun  3 18:59:19 2023 ;
; Revision Name          ; Lab1Demo                              ;
; Top-level Entity Name  ; Car_Fighter                           ;
; Family                 ; Cyclone V                             ;
+------------------------+---------------------------------------+


+--------------------------+
; Archive Project Messages ;
+--------------------------+
Info: File Set 'Source control' contains:
    Info: Project source and settings files
    Info: Automatically detected source files
Warning: Hierarchical Platform Designer systems and custom IP components(_hw.tcl and associated files) are not archived by the Quartus Archiver
Info: Archive will store files relative to the closest common parent directory
Info (13213): Using common directory /home/arie/Desktop/Elec_labs_1/project_restored/project2.6_restored/
Info: ----------------------------------------------------------
Info: ----------------------------------------------------------
Info: Generated archive '/home/arie/Desktop/Elec_labs_1/project_restored/project2.6_restored/3.6.qar'
Info: ----------------------------------------------------------
Info: ----------------------------------------------------------
Info: Generated report 'Lab1Demo.archive.rpt'
Info (23030): Evaluation of Tcl script /home/arie/intelFPGA_lite/22.1std/quartus/common/tcl/apps/qpm/qar.tcl was successful
Info: Quartus Prime Shell was successful. 0 errors, 5 warnings
    Info: Peak virtual memory: 606 megabytes
    Info: Processing ended: Sat Jun  3 18:59:19 2023
    Info: Elapsed time: 00:00:01
    Info: Total CPU time (on all processors): 00:00:01


+------------------------------------------------------------+
; Files Archived                                             ;
+------------------------------------------------------------+
; File Name                                                  ;
+------------------------------------------------------------+
; assignment_defaults.qdf                                    ;
; CLK_31P5.cmp                                               ;
; CLK_31P5.qip                                               ;
; CLK_31P5.sip                                               ;
; CLK_31P5.spd                                               ;
; CLK_31P5.v                                                 ;
; CLK_31P5/CLK_31P5_0002.qip                                 ;
; CLK_31P5/CLK_31P5_0002.v                                   ;
; CLK_31P5_sim/CLK_31P5.vo                                   ;
; constraints/DE10_Standard_Audio.sdc                        ;
; constraints/pin.tcl                                        ;
; db/Lab1Demo.cmp.rdb                                        ;
; DE10_Standard_Audio.sdc                                    ;
; Lab1Demo.qpf                                               ;
; Lab1Demo.qsf                                               ;
; Lab1Demo_assignment_defaults.qdf                           ;
; Message_Encoder.py                                         ;
; Number_position.bsf                                        ;
; Number_position.qip                                        ;
; Number_position.v                                          ;
; Number_position_bb.v                                       ;
; output_files/Chain1.cdf                                    ;
; RTL/AUDIO/addr_counter.sv                                  ;
; RTL/AUDIO/AUDIO.bdf                                        ;
; RTL/AUDIO/audio_codec_controller/audio_codec_controller.sv ;
; RTL/AUDIO/audio_codec_controller/clock_500.sv              ;
; RTL/AUDIO/audio_codec_controller/DualSerial2parallel.sv    ;
; RTL/AUDIO/audio_codec_controller/i2c.sv                    ;
; RTL/AUDIO/musix_mux.sv                                     ;
; RTL/AUDIO/prescaler.sv                                     ;
; RTL/AUDIO/SinTable.sv                                      ;
; RTL/AUDIO/ToneDecoder.sv                                   ;
; RTL/AUDIO/TOP_AUDIO.bdf                                    ;
; RTL/KEYBOARDX/bitrec.sv                                    ;
; RTL/KEYBOARDX/byterec.sv                                   ;
; RTL/KEYBOARDX/KBDINTF.bdf                                  ;
; RTL/KEYBOARDX/keyPad_decoder.sv                            ;
; RTL/KEYBOARDX/lpf.sv                                       ;
; RTL/KEYBOARDX/random.sv                                    ;
; RTL/KEYBOARDX/simple_up_counter.sv                         ;
; RTL/KEYBOARDX/TOP_KBD.bdf                                  ;
; RTL/Seg7/SEG7.SV                                           ;
; RTL/Seg7/seg_fuel_display.bdf                              ;
; RTL/Seg7/splitter_16_to_4.sv                               ;
; RTL/VGA/ai_bonus_car.sv                                    ;
; RTL/VGA/ai_car_controller.sv                               ;
; RTL/VGA/ai_cars.bdf                                        ;
; RTL/VGA/background_controller.sv                           ;
; RTL/VGA/car_collision_manager.sv                           ;
; RTL/VGA/Car_Fighter.bdf                                    ;
; RTL/VGA/collision_detector.sv                              ;
; RTL/VGA/finish_line_controller.sv                          ;
; RTL/VGA/game_distance_progress.sv                          ;
; RTL/VGA/game_mux.sv                                        ;
; RTL/VGA/messageboard.sv                                    ;
; RTL/VGA/player_controller.sv                               ;
; RTL/VGA/progress_bar_controller.sv                         ;
; RTL/VGA/truck.sv                                           ;
; RTL/VGA/valX.bsf                                           ;
; RTL/VGA/valX.qip                                           ;
; RTL/VGA/valX.v                                             ;
; RTL/VGA/valX_bb.v                                          ;
; RTL/VGA/valX_inst.v                                        ;
; RTL/VGA/VGA_Controller.sv                                  ;
; RTL/VGA_BG.mif                                             ;
; Waveform.vwf                                               ;
+------------------------------------------------------------+


